
> amazon-affiliate@1.0.0 build
> next build

   Γû▓ Next.js 15.5.12
   - Environments: .env.local

   Creating an optimized production build ...
 Γ£ô Compiled successfully in 2.1s
   Linting and checking validity of types ...
   Collecting page data ...
   Generating static pages (0/10) ...
node.exe : Error occurred prerendering page "/". Read 
more: https://nextjs.org/docs/messages/prerender-error
At line:1 char:1
+ & "C:\nvm4w\nodejs/node.exe" 
"C:\nvm4w\nodejs/node_modules/npm/bin/np ...
+ ~~~~~~~~~~~~~~~~~~~~~~~~~~~~~~~~~~~~~~~~~~~~~~~~~~~~~~~~
~~~~~~~~~~~~~
    + CategoryInfo          : NotSpecified: (Error occurr 
   ed ...prerender-error:String) [], RemoteException
    + FullyQualifiedErrorId : NativeCommandError
 
Error: Event handlers cannot be passed to Client 
Component props.
  {onClick: function onClick, className: ..., children: 
...}
            ^^^^^^^^^^^^^^^^
If you need interactivity, consider converting part of 
this to a Client Component.
    at stringify (<anonymous>) {
  digest: '1322486582'
}
Export encountered an error on /page: /, exiting the 
build.
 Γ¿» Next.js build worker exited with code: 1 and signal: 
null
